15,78,78,62,49,55,77,84,72,56,47,45,88,78,78,55,90,50,75,46,55
58,78,36,72,68,82,71,46,35,45,49,49,39,68,73,47,82,40,84,39,104
43,41,57,84,96,67,79,47,34,70,69,44,78,39,33,87,45,50,81,45,62,52